((x << (0 ? x : 3)) + (18446744073709551615 ? x : hn2))
