reachability
entry:
  in:  âˆ…
  out: a/entry, b/entry, cond/entry
left:
  in:  a/entry, b/entry, cond/entry
  out: a/entry, b/left, c/left, cond/entry
right:
  in:  a/entry, b/entry, cond/entry
  out: a/right, b/entry, c/right, cond/entry
end:
  in:  a/entry, a/right, b/entry, b/left, c/left, c/right, cond/entry
  out: a/entry, a/right, b/entry, b/left, c/left, c/right, cond/entry, d/end
