{
  "end": [
    "end",
    "entry"
  ],
  "entry": [
    "entry"
  ],
  "left": [
    "entry",
    "left"
  ],
  "right": [
    "entry",
    "right"
  ]
}
