@main {
  v1: int = const 4;
  lvn.v2.0: int = const 0;
  mul1: int = const 0;
  add1: int = const 4;
  v2: int = const 3;
  print lvn.v2.0;
  print v1;
}
